******************************************************************************
                  TI ARM Linker PC v16.9.0                     
******************************************************************************
>> Linked Fri Oct 06 13:50:58 2017

OUTPUT FILE NAME:   <TIVA_CC1101_SPI.out>
ENTRY POINT SYMBOL: "_c_int00"  address: 000012f1


MEMORY CONFIGURATION

         name            origin    length      used     unused   attr    fill
----------------------  --------  ---------  --------  --------  ----  --------
  FLASH                 00000000   00040000  000017d4  0003e82c  R  X
  SRAM                  20000000   00008000  000004a5  00007b5b  RW X


SEGMENT ALLOCATION MAP

run origin  load origin   length   init length attrs members
----------  ----------- ---------- ----------- ----- -------
00000000    00000000    000017d8   000017d8    r-x
  00000000    00000000    0000026c   0000026c    r-- .intvecs
  0000026c    0000026c    00001310   00001310    r-x .text
  0000157c    0000157c    00000210   00000210    r-- .const
  00001790    00001790    00000048   00000048    r-- .cinit
20000000    20000000    000004a8   00000000    rw-
  20000000    20000000    0000026c   00000000    rw- .vtable
  2000026c    2000026c    00000200   00000000    rw- .stack
  2000046c    2000046c    0000001d   00000000    rw- .data
  2000048c    2000048c    0000001c   00000000    rw- .bss


SECTION ALLOCATION MAP

 output                                  attributes/
section   page    origin      length       input sections
--------  ----  ----------  ----------   ----------------
.intvecs   0    00000000    0000026c     
                  00000000    0000026c     tm4c123gh6pm_startup_ccs.obj (.intvecs)

.text      0    0000026c    00001310     
                  0000026c    00000604     CC1101_spi.obj (.text)
                  00000870    0000055c     CC1101.obj (.text)
                  00000dcc    00000132     driverlib.lib : gpio.obj (.text:GPIOPadConfigSet)
                  00000efe    00000002     rtsv7M4_T_le_v4SPD16_eabi.lib : mpu_init.obj (.text)
                  00000f00    000000f4     driverlib.lib : sysctl.obj (.text:SysCtlClockSet)
                  00000ff4    000000a4     main.obj (.text)
                  00001098    0000009c     rtsv7M4_T_le_v4SPD16_eabi.lib : memcpy_t2.obj (.text)
                  00001134    0000007a                                   : memset_t2.obj (.text)
                  000011ae    00000002                                   : startup.obj (.text)
                  000011b0    00000070                                   : autoinit.obj (.text)
                  00001220    00000068     driverlib.lib : interrupt.obj (.text:IntEnable)
                  00001288    00000068     rtsv7M4_T_le_v4SPD16_eabi.lib : copy_decompress_lzss.obj (.text:decompress:lzss)
                  000012f0    00000054                                   : boot.obj (.text)
                  00001344    00000054                                   : exit.obj (.text)
                  00001398    0000004c                                   : cpy_tbl.obj (.text)
                  000013e4    00000044     driverlib.lib : gpio.obj (.text:_GPIOIntNumberGet)
                  00001428    00000034                   : interrupt.obj (.text:IntRegister)
                  0000145c    00000034                   : sysctl.obj (.text:SysCtlPeripheralEnable)
                  00001490    0000002a                   : gpio.obj (.text:GPIODirModeSet)
                  000014ba    00000018                   : gpio.obj (.text:GPIOIntRegister)
                  000014d2    00000018                   : gpio.obj (.text:GPIOPinTypeGPIOOutput)
                  000014ea    00000002     --HOLE-- [fill = 0]
                  000014ec    00000018     rtsv7M4_T_le_v4SPD16_eabi.lib : args_main.obj (.text)
                  00001504    00000014                                   : _lock.obj (.text)
                  00001518    0000000e     driverlib.lib : gpio.obj (.text:GPIOIntDisable)
                  00001526    0000000e                   : gpio.obj (.text:GPIOIntStatus)
                  00001534    0000000e     rtsv7M4_T_le_v4SPD16_eabi.lib : copy_decompress_none.obj (.text:decompress:none)
                  00001542    0000000c     driverlib.lib : gpio.obj (.text:GPIOIntEnable)
                  0000154e    0000000c     rtsv7M4_T_le_v4SPD16_eabi.lib : copy_zero_init.obj (.text:decompress:ZI)
                  0000155a    0000000c     tm4c123gh6pm_startup_ccs.obj (.text)
                  00001566    00000006     driverlib.lib : gpio.obj (.text:GPIOIntClear)
                  0000156c    00000006                   : gpio.obj (.text:GPIOPinWrite)
                  00001572    00000006                   : sysctl.obj (.text:SysCtlDelay)
                  00001578    00000004     rtsv7M4_T_le_v4SPD16_eabi.lib : pre_init.obj (.text)

.const     0    0000157c    00000210     
                  0000157c    000000d8     driverlib.lib : gpio.obj (.const:g_ppui32GPIOIntMapSnowflake)
                  00001654    000000c0                   : gpio.obj (.const:g_ppui32GPIOIntMapBlizzard)
                  00001714    00000070                   : interrupt.obj (.const)
                  00001784    00000008     CC1101.obj (.const:.string:$P$T0$3)

.cinit     0    00001790    00000048     
                  00001790    00000014     (.cinit..data.load) [load image, compression = lzss]
                  000017a4    0000000c     (__TI_handler_table)
                  000017b0    00000008     (.cinit..bss.load) [load image, compression = zero_init]
                  000017b8    00000008     (.cinit..vtable.load) [load image, compression = zero_init]
                  000017c0    00000018     (__TI_cinit_table)

.init_array 
*          0    00000000    00000000     UNINITIALIZED

.vtable    0    20000000    0000026c     UNINITIALIZED
                  20000000    0000026c     driverlib.lib : interrupt.obj (.vtable)

.stack     0    2000026c    00000200     UNINITIALIZED
                  2000026c    00000200     --HOLE--

.data      0    2000046c    0000001d     UNINITIALIZED
                  2000046c    0000000c     rtsv7M4_T_le_v4SPD16_eabi.lib : exit.obj (.data:$O1$$)
                  20000478    00000008                                   : _lock.obj (.data:$O1$$)
                  20000480    00000004                                   : stkdepth_vars.obj (.data)
                  20000484    00000002     CC1101.obj (.data)
                  20000486    00000002     main.obj (.data)
                  20000488    00000001     CC1101_spi.obj (.data)

.bss       0    2000048c    0000001c     UNINITIALIZED
                  2000048c    00000014     (.common:ui8_Buf)
                  200004a0    00000005     CC1101.obj (.bss)
                  200004a5    00000001     (.common:chan)
                  200004a6    00000001     (.common:id)
                  200004a7    00000001     (.common:ver)

MODULE SUMMARY

       Module                         code   ro data   rw data
       ------                         ----   -------   -------
    .\
       tm4c123gh6pm_startup_ccs.obj   12     620       0      
       main.obj                       164    0         22     
    +--+------------------------------+------+---------+---------+
       Total:                         176    620       22     
                                                              
    .\CC1101\
       CC1101_spi.obj                 1540   0         1      
       CC1101.obj                     1372   8         10     
    +--+------------------------------+------+---------+---------+
       Total:                         2912   8         11     
                                                              
    D:/ti/TivaWare_C_Series/driverlib/ccs/Debug/driverlib.lib
       gpio.obj                       516    408       0      
       interrupt.obj                  156    112       620    
       sysctl.obj                     302    0         0      
    +--+------------------------------+------+---------+---------+
       Total:                         974    520       620    
                                                              
    D:\ti\ccsv7\tools\compiler\ti-cgt-arm_16.9.0.LTS\lib\rtsv7M4_T_le_v4SPD16_eabi.lib
       memcpy_t2.obj                  156    0         0      
       memset_t2.obj                  122    0         0      
       autoinit.obj                   112    0         0      
       copy_decompress_lzss.obj       104    0         0      
       exit.obj                       84     0         12     
       boot.obj                       84     0         0      
       cpy_tbl.obj                    76     0         0      
       _lock.obj                      20     0         8      
       args_main.obj                  24     0         0      
       copy_decompress_none.obj       14     0         0      
       copy_zero_init.obj             12     0         0      
       pre_init.obj                   4      0         0      
       stkdepth_vars.obj              0      0         4      
       mpu_init.obj                   2      0         0      
       startup.obj                    2      0         0      
    +--+------------------------------+------+---------+---------+
       Total:                         816    0         24     
                                                              
       Stack:                         0      0         512    
       Linker Generated:              0      72        0      
    +--+------------------------------+------+---------+---------+
       Grand Total:                   4878   1220      1189   


LINKER GENERATED COPY TABLES

__TI_cinit_table @ 000017c0 records: 3, size/record: 8, table size: 24
	.data: load addr=00001790, load size=00000014 bytes, run addr=2000046c, run size=0000001d bytes, compression=lzss
	.bss: load addr=000017b0, load size=00000008 bytes, run addr=2000048c, run size=0000001c bytes, compression=zero_init
	.vtable: load addr=000017b8, load size=00000008 bytes, run addr=20000000, run size=0000026c bytes, compression=zero_init


LINKER GENERATED HANDLER TABLE

__TI_handler_table @ 000017a4 records: 3, size/record: 4, table size: 12
	index: 0, handler: __TI_zero_init
	index: 1, handler: __TI_decompress_lzss
	index: 2, handler: __TI_decompress_none


GLOBAL SYMBOLS: SORTED ALPHABETICALLY BY Name 

address   name                           
-------   ----                           
00001345  C$$EXIT                        
00000d7d  CC1101_GDO_Handler             
00000871  CC1101_GetRandom               
00000589  CC1101_PowerupReset            
000004c7  CC1101_ReadBurstReg            
000004af  CC1101_ReadReg                 
000004e9  CC1101_ReadStatus              
00000289  CC1101_Setup                   
00000501  CC1101_Strobe                  
0000048f  CC1101_WriteBurstReg           
000003d3  CC1101_WriteReg                
20000484  CC1101_radioMode               
00000da1  CC1101_set_handler             
0000026d  CC1101_wait                    
00001491  GPIODirModeSet                 
00001567  GPIOIntClear                   
00001519  GPIOIntDisable                 
00001543  GPIOIntEnable                  
000014bb  GPIOIntRegister                
00001527  GPIOIntStatus                  
00000dcd  GPIOPadConfigSet               
000014d3  GPIOPinTypeGPIOOutput          
0000156d  GPIOPinWrite                   
00001221  IntEnable                      
00001429  IntRegister                    
0000155b  ResetISR                       
UNDEFED   SHT$$INIT_ARRAY$$Base          
UNDEFED   SHT$$INIT_ARRAY$$Limit         
00000f01  SysCtlClockSet                 
00001573  SysCtlDelay                    
0000145d  SysCtlPeripheralEnable         
2000046c  __STACK_END                    
00000200  __STACK_SIZE                   
2000046c  __STACK_TOP                    
000017c0  __TI_CINIT_Base                
000017d8  __TI_CINIT_Limit               
000017a4  __TI_Handler_Table_Base        
000017b0  __TI_Handler_Table_Limit       
000011b1  __TI_auto_init                 
2000046c  __TI_cleanup_ptr               
00001289  __TI_decompress_lzss           
00001535  __TI_decompress_none           
20000470  __TI_dtors_ptr                 
20000474  __TI_enable_exit_profile_output
ffffffff  __TI_pprof_out_hndl            
ffffffff  __TI_prof_data_size            
ffffffff  __TI_prof_data_start           
00000000  __TI_static_base__             
0000154f  __TI_zero_init                 
00001135  __aeabi_memclr                 
00001135  __aeabi_memclr4                
00001135  __aeabi_memclr8                
00001099  __aeabi_memcpy                 
00001099  __aeabi_memcpy4                
00001099  __aeabi_memcpy8                
00001137  __aeabi_memset                 
00001137  __aeabi_memset4                
00001137  __aeabi_memset8                
ffffffff  __binit__                      
ffffffff  __c_args__                     
00000eff  __mpu_init                     
2000026c  __stack                        
000014ed  _args_main                     
000012f1  _c_int00                       
20000478  _lock                          
00001513  _nop                           
0000150b  _register_lock                 
00001505  _register_unlock               
000011af  _system_post_cinit             
00001579  _system_pre_init               
2000047c  _unlock                        
00001349  abort                          
ffffffff  binit                          
20000486  c_len                          
00000b91  cc1101_RxOff                   
00000bbd  cc1101_calcCRC                 
000009c3  cc1101_forceSend               
00000913  cc1101_gdo0_int_disable        
000008db  cc1101_gdo0_int_enable         
0000095f  cc1101_gdo2_int_disable        
00000927  cc1101_gdo2_int_enable         
00000b39  cc1101_getRSSI                 
00000887  cc1101_init                    
00000ae3  cc1101_pollreceiveflag         
000009f7  cc1101_receivepacket           
00000973  cc1101_sendpacket              
00000b25  cc1101_setidle                 
00000b1b  cc1101_setreceive              
00000b2f  cc1101_setsleep                
00000c1d  cc1101_writesettings           
200004a5  chan                           
00001399  copy_in                        
00001351  exit                           
20000000  g_pfnRAMVectors                
00000000  g_pfnVectors                   
20000488  g_ucSPIReadVal                 
20000487  i8_Flag                        
200004a6  id                             
00000ff5  main                           
20000480  main_func_sp                   
00001099  memcpy                         
0000113d  memset                         
000006b9  spiBurstFifoAccess             
000007af  spiRegAccess                   
2000048c  ui8_Buf                        
200004a7  ver                            


GLOBAL SYMBOLS: SORTED BY Symbol Address 

address   name                           
-------   ----                           
00000000  __TI_static_base__             
00000000  g_pfnVectors                   
00000200  __STACK_SIZE                   
0000026d  CC1101_wait                    
00000289  CC1101_Setup                   
000003d3  CC1101_WriteReg                
0000048f  CC1101_WriteBurstReg           
000004af  CC1101_ReadReg                 
000004c7  CC1101_ReadBurstReg            
000004e9  CC1101_ReadStatus              
00000501  CC1101_Strobe                  
00000589  CC1101_PowerupReset            
000006b9  spiBurstFifoAccess             
000007af  spiRegAccess                   
00000871  CC1101_GetRandom               
00000887  cc1101_init                    
000008db  cc1101_gdo0_int_enable         
00000913  cc1101_gdo0_int_disable        
00000927  cc1101_gdo2_int_enable         
0000095f  cc1101_gdo2_int_disable        
00000973  cc1101_sendpacket              
000009c3  cc1101_forceSend               
000009f7  cc1101_receivepacket           
00000ae3  cc1101_pollreceiveflag         
00000b1b  cc1101_setreceive              
00000b25  cc1101_setidle                 
00000b2f  cc1101_setsleep                
00000b39  cc1101_getRSSI                 
00000b91  cc1101_RxOff                   
00000bbd  cc1101_calcCRC                 
00000c1d  cc1101_writesettings           
00000d7d  CC1101_GDO_Handler             
00000da1  CC1101_set_handler             
00000dcd  GPIOPadConfigSet               
00000eff  __mpu_init                     
00000f01  SysCtlClockSet                 
00000ff5  main                           
00001099  __aeabi_memcpy                 
00001099  __aeabi_memcpy4                
00001099  __aeabi_memcpy8                
00001099  memcpy                         
00001135  __aeabi_memclr                 
00001135  __aeabi_memclr4                
00001135  __aeabi_memclr8                
00001137  __aeabi_memset                 
00001137  __aeabi_memset4                
00001137  __aeabi_memset8                
0000113d  memset                         
000011af  _system_post_cinit             
000011b1  __TI_auto_init                 
00001221  IntEnable                      
00001289  __TI_decompress_lzss           
000012f1  _c_int00                       
00001345  C$$EXIT                        
00001349  abort                          
00001351  exit                           
00001399  copy_in                        
00001429  IntRegister                    
0000145d  SysCtlPeripheralEnable         
00001491  GPIODirModeSet                 
000014bb  GPIOIntRegister                
000014d3  GPIOPinTypeGPIOOutput          
000014ed  _args_main                     
00001505  _register_unlock               
0000150b  _register_lock                 
00001513  _nop                           
00001519  GPIOIntDisable                 
00001527  GPIOIntStatus                  
00001535  __TI_decompress_none           
00001543  GPIOIntEnable                  
0000154f  __TI_zero_init                 
0000155b  ResetISR                       
00001567  GPIOIntClear                   
0000156d  GPIOPinWrite                   
00001573  SysCtlDelay                    
00001579  _system_pre_init               
000017a4  __TI_Handler_Table_Base        
000017b0  __TI_Handler_Table_Limit       
000017c0  __TI_CINIT_Base                
000017d8  __TI_CINIT_Limit               
20000000  g_pfnRAMVectors                
2000026c  __stack                        
2000046c  __STACK_END                    
2000046c  __STACK_TOP                    
2000046c  __TI_cleanup_ptr               
20000470  __TI_dtors_ptr                 
20000474  __TI_enable_exit_profile_output
20000478  _lock                          
2000047c  _unlock                        
20000480  main_func_sp                   
20000484  CC1101_radioMode               
20000486  c_len                          
20000487  i8_Flag                        
20000488  g_ucSPIReadVal                 
2000048c  ui8_Buf                        
200004a5  chan                           
200004a6  id                             
200004a7  ver                            
ffffffff  __TI_pprof_out_hndl            
ffffffff  __TI_prof_data_size            
ffffffff  __TI_prof_data_start           
ffffffff  __binit__                      
ffffffff  __c_args__                     
ffffffff  binit                          
UNDEFED   SHT$$INIT_ARRAY$$Base          
UNDEFED   SHT$$INIT_ARRAY$$Limit         

[106 symbols]
